tuned parameters found by random search:
  colsample_bytree   0.8
  gamma              5.4928e-07
  learning_rate      0.0344457
  max_depth          7
  min_child_weight   0.965349
  n_estimators       600
  reg_alpha          0.00165723
  reg_lambda         10
  subsample          0.9
train 1,296,675 rows  fraud 0.5789%
test  555,719 rows  fraud 0.3860%
train: 1,296,675 -> 1,296,675 rows | bad dates 0 | duplicates 0 | bad amount 0 | bad coordinates 0 | gaps filled 0
test: 555,719 -> 555,719 rows | bad dates 0 | duplicates 0 | bad amount 0 | bad coordinates 0 | gaps filled 0

     split    rows  fraud_rate              starts                ends
     train 1037340    0.005753 2019-01-01 00:00:18 2020-03-06 07:15:17
validation  259335    0.005931 2020-03-06 07:16:43 2020-06-21 12:13:37
      test  555719    0.003860 2020-06-21 12:14:25 2020-12-31 23:59:34

X_train   1,037,340 rows x 776 features, 2.577% dense
X_valid   259,335 rows x 776 features, 2.577% dense
X_test    555,719 rows x 776 features, 2.577% dense
features  776 (12 numeric + 764 one-hot)

refitting on 1,037,340 rows (776 features, imbalance 172.8:1)

                          model  pr_auc  roc_auc  threshold  precision  recall     f1   tp  fp  fn
refit on full data (validation)  0.9044   0.9982     0.9755     0.9018  0.8004 0.8481 1231 134 307
      refit on full data (test)  0.8579   0.9972     0.9755     0.8353  0.7613 0.7966 1633 322 512

The 10% sample fit scored 0.8482 on test. The full-data refit above is the
one that ships: same tuned parameters, all the rows.

saved final_model.joblib and model_metadata.json (validation 0.9044, test 0.8579)
